// Jest Snapshot v1, https://goo.gl/fbAQLP

exports[`Given Password component Should render as expected 1`] = `
<div>
  <div
    class="passwordWrapper"
  >
    <h2>
      Password component
    </h2>
    <div
      class="password"
    >
      <input
        id="name"
        name="name"
        type="text"
        value=""
      />
      <div
        class="validation"
      >
        <div
          class="checkmarkWrapper"
          role="helper"
        >
          <span
            class="checkmarkFalse"
          >
            x
          </span>
          <span>
            Has a number 0-9
          </span>
        </div>
        <div
          class="checkmarkWrapper"
          role="helper"
        >
          <span
            class="checkmarkFalse"
          >
            x
          </span>
          <span>
            Has a special char !@#$%^&*
          </span>
        </div>
        <div
          class="checkmarkWrapper"
          role="helper"
        >
          <span
            class="checkmarkFalse"
          >
            x
          </span>
          <span>
            Has uppercase Letter
          </span>
        </div>
        <div
          class="checkmarkWrapper"
          role="helper"
        >
          <span
            class="checkmarkFalse"
          >
            x
          </span>
          <span />
        </div>
      </div>
    </div>
  </div>
</div>
`;
